// Vitest Snapshot v1, https://vitest.dev/guide/snapshot.html

exports[`FluentBit > should render content 1`] = `
"[OUTPUT]
  Name http
  Match *
  URI /api/zinc_next/default/_json
  Host localhost
  Port 808
  tls Off
  Format json
  Json_date_key    _timestamp
  Json_date_format iso8601
  HTTP_User tulsiraval2828@gmail.com
  HTTP_Passwd 11"
`;
