// Vitest Snapshot v1, https://vitest.dev/guide/snapshot.html

exports[`Fluentd > should render content 1`] = `
"<source>
  @type forward
  port 24224
  bind 0.0.0.0
</source>

<match **>
  @type http
  endpoint http://localhost:808/api/zinc_next/default/_json
  content_type json
  json_array true
  <auth>
    method basic
    username tulsiraval2828@gmail.com
    password 11
  </auth>
</match>"
`;
