// Vitest Snapshot v1, https://vitest.dev/guide/snapshot.html

exports[`Vector > should render content 1`] = `
"[sinks.openobserve]
type = \\"http\\"
inputs = [ source or transform id ]
uri = \\"http://localhost:808/api/zinc_next/default/_json\\"
method = \\"post\\"
auth.strategy = \\"basic\\"
auth.user = \\"tulsiraval2828@gmail.com\\"
auth.password = \\"11\\"
compression = \\"gzip\\"
encoding.codec = \\"json\\"
encoding.timestamp_format = \\"rfc3339\\"
healthcheck.enabled = false"
`;
