// Vitest Snapshot v1, https://vitest.dev/guide/snapshot.html

exports[`ShortUrl > should match snapshot 1`] = `
"<div data-v-fb8cde2d="" data-test="loading-container" class="tw:h-[100vh] tw:flex tw:flex-col tw:items-center tw:justify-center">
  <!-- Ring variant --><span data-v-fb8cde2d="" class="tw:inline-flex tw:items-center tw:justify-center tw:shrink-0 tw:size-12" role="status" aria-label="Loading" aria-live="polite" data-test="spinner"><svg class="tw:animate-spin tw:size-full tw:text-spinner" viewBox="0 0 24 24" fill="none" xmlns="http://www.w3.org/2000/svg" aria-hidden="true"><!-- Track --><circle cx="12" cy="12" r="10" stroke="currentColor" stroke-width="3" class="tw:opacity-20"></circle><!-- Spinning arc --><path d="M12 2a10 10 0 0 1 10 10" stroke="currentColor" stroke-width="3" stroke-linecap="round" class="tw:text-spinner"></path></svg></span>
  <div data-v-fb8cde2d="" data-test="message" class="message">Redirecting...</div>
</div>"
`;
